Analysis & Synthesis report for genius
Thu Dec 08 20:55:32 2022
Quartus Prime Version 20.1.0 Build 711 06/05/2020 SJ Lite Edition


---------------------
; Table of Contents ;
---------------------
  1. Legal Notice
  2. Analysis & Synthesis Summary
  3. Analysis & Synthesis Settings
  4. Parallel Compilation
  5. Analysis & Synthesis Source Files Read
  6. Analysis & Synthesis Resource Usage Summary
  7. Analysis & Synthesis Resource Utilization by Entity
  8. State Machine - |genius|state
  9. User-Specified and Inferred Latches
 10. General Register Statistics
 11. Multiplexer Restructuring Statistics (Restructuring Performed)
 12. Post-Synthesis Netlist Statistics for Top Partition
 13. Elapsed Time Per Partition
 14. Analysis & Synthesis Messages



----------------
; Legal Notice ;
----------------
Copyright (C) 2020  Intel Corporation. All rights reserved.
Your use of Intel Corporation's design tools, logic functions 
and other software and tools, and any partner logic 
functions, and any output files from any of the foregoing 
(including device programming or simulation files), and any 
associated documentation or information are expressly subject 
to the terms and conditions of the Intel Program License 
Subscription Agreement, the Intel Quartus Prime License Agreement,
the Intel FPGA IP License Agreement, or other applicable license
agreement, including, without limitation, that your use is for
the sole purpose of programming logic devices manufactured by
Intel and sold by Intel or its authorized distributors.  Please
refer to the applicable agreement for further details, at
https://fpgasoftware.intel.com/eula.



+----------------------------------------------------------------------------------+
; Analysis & Synthesis Summary                                                     ;
+------------------------------------+---------------------------------------------+
; Analysis & Synthesis Status        ; Successful - Thu Dec 08 20:55:32 2022       ;
; Quartus Prime Version              ; 20.1.0 Build 711 06/05/2020 SJ Lite Edition ;
; Revision Name                      ; genius                                      ;
; Top-level Entity Name              ; genius                                      ;
; Family                             ; MAX 10                                      ;
; Total logic elements               ; 368                                         ;
;     Total combinational functions  ; 368                                         ;
;     Dedicated logic registers      ; 10                                          ;
; Total registers                    ; 10                                          ;
; Total pins                         ; 237                                         ;
; Total virtual pins                 ; 0                                           ;
; Total memory bits                  ; 0                                           ;
; Embedded Multiplier 9-bit elements ; 0                                           ;
; Total PLLs                         ; 0                                           ;
; UFM blocks                         ; 0                                           ;
; ADC blocks                         ; 0                                           ;
+------------------------------------+---------------------------------------------+


+------------------------------------------------------------------------------------------------------------+
; Analysis & Synthesis Settings                                                                              ;
+------------------------------------------------------------------+--------------------+--------------------+
; Option                                                           ; Setting            ; Default Value      ;
+------------------------------------------------------------------+--------------------+--------------------+
; Device                                                           ; 10M50DAF484C7G     ;                    ;
; Top-level entity name                                            ; genius             ; genius             ;
; Family name                                                      ; MAX 10             ; Cyclone V          ;
; Use smart compilation                                            ; Off                ; Off                ;
; Enable parallel Assembler and Timing Analyzer during compilation ; On                 ; On                 ;
; Enable compact report table                                      ; Off                ; Off                ;
; Restructure Multiplexers                                         ; Auto               ; Auto               ;
; Create Debugging Nodes for IP Cores                              ; Off                ; Off                ;
; Preserve fewer node names                                        ; On                 ; On                 ;
; Intel FPGA IP Evaluation Mode                                    ; Enable             ; Enable             ;
; Verilog Version                                                  ; Verilog_2001       ; Verilog_2001       ;
; VHDL Version                                                     ; VHDL_1993          ; VHDL_1993          ;
; State Machine Processing                                         ; Auto               ; Auto               ;
; Safe State Machine                                               ; Off                ; Off                ;
; Extract Verilog State Machines                                   ; On                 ; On                 ;
; Extract VHDL State Machines                                      ; On                 ; On                 ;
; Ignore Verilog initial constructs                                ; Off                ; Off                ;
; Iteration limit for constant Verilog loops                       ; 5000               ; 5000               ;
; Iteration limit for non-constant Verilog loops                   ; 250                ; 250                ;
; Add Pass-Through Logic to Inferred RAMs                          ; On                 ; On                 ;
; Infer RAMs from Raw Logic                                        ; On                 ; On                 ;
; Parallel Synthesis                                               ; On                 ; On                 ;
; DSP Block Balancing                                              ; Auto               ; Auto               ;
; NOT Gate Push-Back                                               ; On                 ; On                 ;
; Power-Up Don't Care                                              ; On                 ; On                 ;
; Remove Redundant Logic Cells                                     ; Off                ; Off                ;
; Remove Duplicate Registers                                       ; On                 ; On                 ;
; Ignore CARRY Buffers                                             ; Off                ; Off                ;
; Ignore CASCADE Buffers                                           ; Off                ; Off                ;
; Ignore GLOBAL Buffers                                            ; Off                ; Off                ;
; Ignore ROW GLOBAL Buffers                                        ; Off                ; Off                ;
; Ignore LCELL Buffers                                             ; Off                ; Off                ;
; Ignore SOFT Buffers                                              ; On                 ; On                 ;
; Limit AHDL Integers to 32 Bits                                   ; Off                ; Off                ;
; Optimization Technique                                           ; Balanced           ; Balanced           ;
; Carry Chain Length                                               ; 70                 ; 70                 ;
; Auto Carry Chains                                                ; On                 ; On                 ;
; Auto Open-Drain Pins                                             ; On                 ; On                 ;
; Perform WYSIWYG Primitive Resynthesis                            ; Off                ; Off                ;
; Auto ROM Replacement                                             ; On                 ; On                 ;
; Auto RAM Replacement                                             ; On                 ; On                 ;
; Auto DSP Block Replacement                                       ; On                 ; On                 ;
; Auto Shift Register Replacement                                  ; Auto               ; Auto               ;
; Allow Shift Register Merging across Hierarchies                  ; Auto               ; Auto               ;
; Auto Clock Enable Replacement                                    ; On                 ; On                 ;
; Strict RAM Replacement                                           ; Off                ; Off                ;
; Allow Synchronous Control Signals                                ; On                 ; On                 ;
; Force Use of Synchronous Clear Signals                           ; Off                ; Off                ;
; Auto RAM Block Balancing                                         ; On                 ; On                 ;
; Auto RAM to Logic Cell Conversion                                ; Off                ; Off                ;
; Auto Resource Sharing                                            ; Off                ; Off                ;
; Allow Any RAM Size For Recognition                               ; Off                ; Off                ;
; Allow Any ROM Size For Recognition                               ; Off                ; Off                ;
; Allow Any Shift Register Size For Recognition                    ; Off                ; Off                ;
; Use LogicLock Constraints during Resource Balancing              ; On                 ; On                 ;
; Ignore translate_off and synthesis_off directives                ; Off                ; Off                ;
; Timing-Driven Synthesis                                          ; On                 ; On                 ;
; Report Parameter Settings                                        ; On                 ; On                 ;
; Report Source Assignments                                        ; On                 ; On                 ;
; Report Connectivity Checks                                       ; On                 ; On                 ;
; Ignore Maximum Fan-Out Assignments                               ; Off                ; Off                ;
; Synchronization Register Chain Length                            ; 2                  ; 2                  ;
; Power Optimization During Synthesis                              ; Normal compilation ; Normal compilation ;
; HDL message level                                                ; Level2             ; Level2             ;
; Suppress Register Optimization Related Messages                  ; Off                ; Off                ;
; Number of Removed Registers Reported in Synthesis Report         ; 5000               ; 5000               ;
; Number of Swept Nodes Reported in Synthesis Report               ; 5000               ; 5000               ;
; Number of Inverted Registers Reported in Synthesis Report        ; 100                ; 100                ;
; Clock MUX Protection                                             ; On                 ; On                 ;
; Auto Gated Clock Conversion                                      ; Off                ; Off                ;
; Block Design Naming                                              ; Auto               ; Auto               ;
; SDC constraint protection                                        ; Off                ; Off                ;
; Synthesis Effort                                                 ; Auto               ; Auto               ;
; Shift Register Replacement - Allow Asynchronous Clear Signal     ; On                 ; On                 ;
; Pre-Mapping Resynthesis Optimization                             ; Off                ; Off                ;
; Analysis & Synthesis Message Level                               ; Medium             ; Medium             ;
; Disable Register Merging Across Hierarchies                      ; Auto               ; Auto               ;
; Resource Aware Inference For Block RAM                           ; On                 ; On                 ;
+------------------------------------------------------------------+--------------------+--------------------+


+------------------------------------------+
; Parallel Compilation                     ;
+----------------------------+-------------+
; Processors                 ; Number      ;
+----------------------------+-------------+
; Number detected on machine ; 8           ;
; Maximum allowed            ; 4           ;
;                            ;             ;
; Average used               ; 1.00        ;
; Maximum used               ; 4           ;
;                            ;             ;
; Usage by Processor         ; % Time Used ;
;     Processor 1            ; 100.0%      ;
;     Processor 2            ;   0.1%      ;
;     Processors 3-4         ;   0.1%      ;
+----------------------------+-------------+


+----------------------------------------------------------------------------------------------------------------+
; Analysis & Synthesis Source Files Read                                                                         ;
+----------------------------------+-----------------+-----------------+-------------------------------+---------+
; File Name with User-Entered Path ; Used in Netlist ; File Type       ; File Name with Absolute Path  ; Library ;
+----------------------------------+-----------------+-----------------+-------------------------------+---------+
; genius.vhd                       ; yes             ; User VHDL File  ; C:/tp-labsd-genius/genius.vhd ;         ;
+----------------------------------+-----------------+-----------------+-------------------------------+---------+


+--------------------------------------------------------------+
; Analysis & Synthesis Resource Usage Summary                  ;
+---------------------------------------------+----------------+
; Resource                                    ; Usage          ;
+---------------------------------------------+----------------+
; Estimated Total logic elements              ; 368            ;
;                                             ;                ;
; Total combinational functions               ; 368            ;
; Logic element usage by number of LUT inputs ;                ;
;     -- 4 input functions                    ; 188            ;
;     -- 3 input functions                    ; 127            ;
;     -- <=2 input functions                  ; 53             ;
;                                             ;                ;
; Logic elements by mode                      ;                ;
;     -- normal mode                          ; 360            ;
;     -- arithmetic mode                      ; 8              ;
;                                             ;                ;
; Total registers                             ; 10             ;
;     -- Dedicated logic registers            ; 10             ;
;     -- I/O registers                        ; 0              ;
;                                             ;                ;
; I/O pins                                    ; 237            ;
;                                             ;                ;
; Embedded Multiplier 9-bit elements          ; 0              ;
;                                             ;                ;
; Maximum fan-out node                        ; cont_rodada[3] ;
; Maximum fan-out                             ; 30             ;
; Total fan-out                               ; 1529           ;
; Average fan-out                             ; 1.79           ;
+---------------------------------------------+----------------+


+------------------------------------------------------------------------------------------------------------------------------------------------------------------------------------------------------------------------------------+
; Analysis & Synthesis Resource Utilization by Entity                                                                                                                                                                                ;
+----------------------------+---------------------+---------------------------+-------------+------------+--------------+---------+-----------+------+--------------+------------+---------------------+-------------+--------------+
; Compilation Hierarchy Node ; Combinational ALUTs ; Dedicated Logic Registers ; Memory Bits ; UFM Blocks ; DSP Elements ; DSP 9x9 ; DSP 18x18 ; Pins ; Virtual Pins ; ADC blocks ; Full Hierarchy Name ; Entity Name ; Library Name ;
+----------------------------+---------------------+---------------------------+-------------+------------+--------------+---------+-----------+------+--------------+------------+---------------------+-------------+--------------+
; |genius                    ; 368 (368)           ; 10 (10)                   ; 0           ; 0          ; 0            ; 0       ; 0         ; 237  ; 0            ; 0          ; |genius             ; genius      ; work         ;
+----------------------------+---------------------+---------------------------+-------------+------------+--------------+---------+-----------+------+--------------+------------+---------------------+-------------+--------------+
Note: For table entries with two numbers listed, the numbers in parentheses indicate the number of resources of the given type used by the specific entity alone. The numbers listed outside of parentheses indicate the total resources of the given type used by the specific entity and all of its sub-entities in the hierarchy.


Encoding Type:  One-Hot
+-----------------------------------------------------------------------------------------------------------------------------------------------------------------------------------------------------------------------------------------------------+
; State Machine - |genius|state                                                                                                                                                                                                                       ;
+---------------------------+---------------------+---------------------+------------------------+--------------------+----------------------+-----------------------+---------------------------+------------------+--------------------+------------+
; Name                      ; state.FINALIZA_JOGO ; state.CONTINUA_JOGO ; state.VERIFICA_ENTRADA ; state.NAO_LEU_NADA ; state.LE_UMA_ENTRADA ; state.AGUARDA_ENTRADA ; state.VERIFICA_MOSTRA_COR ; state.MOSTRA_COR ; state.PREPARA_JOGO ; state.INIT ;
+---------------------------+---------------------+---------------------+------------------------+--------------------+----------------------+-----------------------+---------------------------+------------------+--------------------+------------+
; state.INIT                ; 0                   ; 0                   ; 0                      ; 0                  ; 0                    ; 0                     ; 0                         ; 0                ; 0                  ; 0          ;
; state.PREPARA_JOGO        ; 0                   ; 0                   ; 0                      ; 0                  ; 0                    ; 0                     ; 0                         ; 0                ; 1                  ; 1          ;
; state.MOSTRA_COR          ; 0                   ; 0                   ; 0                      ; 0                  ; 0                    ; 0                     ; 0                         ; 1                ; 0                  ; 1          ;
; state.VERIFICA_MOSTRA_COR ; 0                   ; 0                   ; 0                      ; 0                  ; 0                    ; 0                     ; 1                         ; 0                ; 0                  ; 1          ;
; state.AGUARDA_ENTRADA     ; 0                   ; 0                   ; 0                      ; 0                  ; 0                    ; 1                     ; 0                         ; 0                ; 0                  ; 1          ;
; state.LE_UMA_ENTRADA      ; 0                   ; 0                   ; 0                      ; 0                  ; 1                    ; 0                     ; 0                         ; 0                ; 0                  ; 1          ;
; state.NAO_LEU_NADA        ; 0                   ; 0                   ; 0                      ; 1                  ; 0                    ; 0                     ; 0                         ; 0                ; 0                  ; 1          ;
; state.VERIFICA_ENTRADA    ; 0                   ; 0                   ; 1                      ; 0                  ; 0                    ; 0                     ; 0                         ; 0                ; 0                  ; 1          ;
; state.CONTINUA_JOGO       ; 0                   ; 1                   ; 0                      ; 0                  ; 0                    ; 0                     ; 0                         ; 0                ; 0                  ; 1          ;
; state.FINALIZA_JOGO       ; 1                   ; 0                   ; 0                      ; 0                  ; 0                    ; 0                     ; 0                         ; 0                ; 0                  ; 1          ;
+---------------------------+---------------------+---------------------+------------------------+--------------------+----------------------+-----------------------+---------------------------+------------------+--------------------+------------+


+-------------------------------------------------------------------------------------------------------------+
; User-Specified and Inferred Latches                                                                         ;
+-----------------------------------------------------+------------------------------+------------------------+
; Latch Name                                          ; Latch Enable Signal          ; Free of Timing Hazards ;
+-----------------------------------------------------+------------------------------+------------------------+
; cont[0]                                             ; Selector19                   ; yes                    ;
; cont[1]                                             ; Selector19                   ; yes                    ;
; cont[2]                                             ; Selector19                   ; yes                    ;
; cont[3]                                             ; Selector19                   ; yes                    ;
; cont[4]                                             ; Selector19                   ; yes                    ;
; cont_entrada[0]                                     ; Selector68                   ; yes                    ;
; cont_entrada[1]                                     ; Selector68                   ; yes                    ;
; cont_entrada[2]                                     ; Selector68                   ; yes                    ;
; cont_entrada[3]                                     ; Selector68                   ; yes                    ;
; cont_entrada[4]                                     ; Selector68                   ; yes                    ;
; cont_rodada[0]                                      ; WideOr8                      ; yes                    ;
; cont_rodada[1]                                      ; WideOr8                      ; yes                    ;
; cont_rodada[2]                                      ; WideOr8                      ; yes                    ;
; cont_rodada[3]                                      ; WideOr8                      ; yes                    ;
; cont_certo[0]                                       ; WideOr24                     ; yes                    ;
; cont_certo[1]                                       ; WideOr24                     ; yes                    ;
; cont_certo[2]                                       ; WideOr24                     ; yes                    ;
; cont_certo[3]                                       ; WideOr24                     ; yes                    ;
; cont_errado[0]                                      ; WideOr24                     ; yes                    ;
; cont_errado[1]                                      ; WideOr24                     ; yes                    ;
; cont_errado[2]                                      ; WideOr24                     ; yes                    ;
; cont_errado[3]                                      ; WideOr24                     ; yes                    ;
; led_azul$latch                                      ; Selector1                    ; yes                    ;
; led_amarelo$latch                                   ; Selector1                    ; yes                    ;
; led_verde$latch                                     ; Selector1                    ; yes                    ;
; led_vermelho$latch                                  ; Selector1                    ; yes                    ;
; led_ligado$latch                                    ; WideOr4                      ; yes                    ;
; nextstate.PREPARA_JOGO_2123                         ; state.FINALIZA_JOGO          ; yes                    ;
; nextstate.VERIFICA_MOSTRA_COR_2107                  ; state.FINALIZA_JOGO          ; yes                    ;
; nextstate.LE_UMA_ENTRADA_2091                       ; state.FINALIZA_JOGO          ; yes                    ;
; nextstate.CONTINUA_JOGO_2067                        ; state.FINALIZA_JOGO          ; yes                    ;
; nextstate.MOSTRA_COR_2115                           ; state.FINALIZA_JOGO          ; yes                    ;
; nextstate.VERIFICA_ENTRADA_2075                     ; state.FINALIZA_JOGO          ; yes                    ;
; nextstate.FINALIZA_JOGO_2059                        ; state.FINALIZA_JOGO          ; yes                    ;
; nextstate.NAO_LEU_NADA_2083                         ; state.FINALIZA_JOGO          ; yes                    ;
; sequencia_facil_usuario[8][0]                       ; Selector86                   ; yes                    ;
; sequencia_facil_usuario[8][1]                       ; Selector86                   ; yes                    ;
; sequencia_facil_usuario[8][2]                       ; Selector86                   ; yes                    ;
; sequencia_facil_fpga[8][2]                          ; WideOr5                      ; yes                    ;
; sequencia_facil_usuario[1][1]                       ; Selector72                   ; yes                    ;
; sequencia_facil_usuario[1][2]                       ; Selector72                   ; yes                    ;
; sequencia_facil_usuario[1][0]                       ; Selector72                   ; yes                    ;
; sequencia_facil_fpga[1][0]                          ; WideOr5                      ; yes                    ;
; \statemachine_comb:cont_c[0]                        ; \statemachine_comb:cont_c[3] ; yes                    ;
; sequencia_facil_usuario[3][2]                       ; Selector76                   ; yes                    ;
; sequencia_facil_usuario[3][0]                       ; Selector76                   ; yes                    ;
; sequencia_facil_fpga[3][0]                          ; WideOr5                      ; yes                    ;
; sequencia_facil_usuario[3][1]                       ; Selector76                   ; yes                    ;
; sequencia_facil_fpga[3][1]                          ; WideOr5                      ; yes                    ;
; sequencia_facil_usuario[2][0]                       ; Selector74                   ; yes                    ;
; sequencia_facil_usuario[2][2]                       ; Selector74                   ; yes                    ;
; sequencia_facil_usuario[2][1]                       ; Selector74                   ; yes                    ;
; sequencia_facil_fpga[2][1]                          ; WideOr5                      ; yes                    ;
; sequencia_facil_usuario[7][2]                       ; Selector84                   ; yes                    ;
; sequencia_facil_usuario[7][0]                       ; Selector84                   ; yes                    ;
; sequencia_facil_fpga[7][0]                          ; WideOr5                      ; yes                    ;
; sequencia_facil_usuario[7][1]                       ; Selector84                   ; yes                    ;
; sequencia_facil_fpga[7][1]                          ; WideOr5                      ; yes                    ;
; sequencia_facil_usuario[6][0]                       ; Selector82                   ; yes                    ;
; sequencia_facil_usuario[6][2]                       ; Selector82                   ; yes                    ;
; sequencia_facil_usuario[6][1]                       ; Selector82                   ; yes                    ;
; sequencia_facil_fpga[6][1]                          ; WideOr5                      ; yes                    ;
; sequencia_facil_usuario[5][1]                       ; Selector80                   ; yes                    ;
; sequencia_facil_usuario[5][2]                       ; Selector80                   ; yes                    ;
; sequencia_facil_usuario[5][0]                       ; Selector80                   ; yes                    ;
; sequencia_facil_fpga[5][0]                          ; WideOr5                      ; yes                    ;
; sequencia_facil_usuario[4][0]                       ; Selector78                   ; yes                    ;
; sequencia_facil_usuario[4][1]                       ; Selector78                   ; yes                    ;
; sequencia_facil_usuario[4][2]                       ; Selector78                   ; yes                    ;
; sequencia_facil_fpga[4][2]                          ; WideOr5                      ; yes                    ;
; \statemachine_comb:cont_c[1]                        ; \statemachine_comb:cont_c[3] ; yes                    ;
; \statemachine_comb:cont_c[2]                        ; \statemachine_comb:cont_c[3] ; yes                    ;
; \statemachine_comb:cont_c[3]                        ; \statemachine_comb:cont_c[3] ; yes                    ;
; \statemachine_comb:cont_e[0]                        ; \statemachine_comb:cont_e[3] ; yes                    ;
; \statemachine_comb:cont_e[1]                        ; \statemachine_comb:cont_e[3] ; yes                    ;
; \statemachine_comb:cont_e[2]                        ; \statemachine_comb:cont_e[3] ; yes                    ;
; \statemachine_comb:cont_e[3]                        ; \statemachine_comb:cont_e[3] ; yes                    ;
; nextstate.AGUARDA_ENTRADA_2099                      ; state.FINALIZA_JOGO          ; yes                    ;
; Number of user-specified and inferred latches = 78  ;                              ;                        ;
+-----------------------------------------------------+------------------------------+------------------------+
Note: All latches listed above may not be present at the end of synthesis due to various synthesis optimizations.


+------------------------------------------------------+
; General Register Statistics                          ;
+----------------------------------------------+-------+
; Statistic                                    ; Value ;
+----------------------------------------------+-------+
; Total registers                              ; 10    ;
; Number of registers using Synchronous Clear  ; 0     ;
; Number of registers using Synchronous Load   ; 0     ;
; Number of registers using Asynchronous Clear ; 0     ;
; Number of registers using Asynchronous Load  ; 0     ;
; Number of registers using Clock Enable       ; 0     ;
; Number of registers using Preset             ; 0     ;
+----------------------------------------------+-------+


+----------------------------------------------------------------------------------------------------------------------------------------------------+
; Multiplexer Restructuring Statistics (Restructuring Performed)                                                                                     ;
+--------------------+-----------+---------------+----------------------+------------------------+------------+--------------------------------------+
; Multiplexer Inputs ; Bus Width ; Baseline Area ; Area if Restructured ; Saving if Restructured ; Registered ; Example Multiplexer Output           ;
+--------------------+-----------+---------------+----------------------+------------------------+------------+--------------------------------------+
; 5:1                ; 2 bits    ; 6 LEs         ; 6 LEs                ; 0 LEs                  ; No         ; |genius|qual_botao                   ;
; 4:1                ; 3 bits    ; 6 LEs         ; 6 LEs                ; 0 LEs                  ; No         ; |genius|Selector12                   ;
; 8:1                ; 4 bits    ; 20 LEs        ; 20 LEs               ; 0 LEs                  ; No         ; |genius|\statemachine_comb:cont_c[1] ;
; 8:1                ; 3 bits    ; 15 LEs        ; 15 LEs               ; 0 LEs                  ; No         ; |genius|\statemachine_comb:cont_e[2] ;
+--------------------+-----------+---------------+----------------------+------------------------+------------+--------------------------------------+


+-----------------------------------------------------+
; Post-Synthesis Netlist Statistics for Top Partition ;
+-----------------------+-----------------------------+
; Type                  ; Count                       ;
+-----------------------+-----------------------------+
; boundary_port         ; 237                         ;
; cycloneiii_ff         ; 10                          ;
;     plain             ; 10                          ;
; cycloneiii_lcell_comb ; 371                         ;
;     arith             ; 8                           ;
;         2 data inputs ; 8                           ;
;     normal            ; 363                         ;
;         0 data inputs ; 1                           ;
;         1 data inputs ; 5                           ;
;         2 data inputs ; 42                          ;
;         3 data inputs ; 127                         ;
;         4 data inputs ; 188                         ;
;                       ;                             ;
; Max LUT depth         ; 12.00                       ;
; Average LUT depth     ; 6.04                        ;
+-----------------------+-----------------------------+


+-------------------------------+
; Elapsed Time Per Partition    ;
+----------------+--------------+
; Partition Name ; Elapsed Time ;
+----------------+--------------+
; Top            ; 00:00:01     ;
+----------------+--------------+


+-------------------------------+
; Analysis & Synthesis Messages ;
+-------------------------------+
Info: *******************************************************************
Info: Running Quartus Prime Analysis & Synthesis
    Info: Version 20.1.0 Build 711 06/05/2020 SJ Lite Edition
    Info: Processing started: Thu Dec 08 20:55:23 2022
Info: Command: quartus_map --read_settings_files=on --write_settings_files=off genius -c genius
Warning (18236): Number of processors has not been specified which may cause overloading on shared machines.  Set the global assignment NUM_PARALLEL_PROCESSORS in your QSF to an appropriate value for best performance.
Info (20030): Parallel compilation is enabled and will use 4 of the 4 processors detected
Info (12021): Found 2 design units, including 1 entities, in source file genius.vhd
    Info (12022): Found design unit 1: genius-arch File: C:/tp-labsd-genius/genius.vhd Line: 47
    Info (12023): Found entity 1: genius File: C:/tp-labsd-genius/genius.vhd Line: 7
Info (12021): Found 2 design units, including 1 entities, in source file tb_genius.vhd
    Info (12022): Found design unit 1: tb_genius-teste File: C:/tp-labsd-genius/tb_genius.vhd Line: 7
    Info (12023): Found entity 1: tb_genius File: C:/tp-labsd-genius/tb_genius.vhd Line: 4
Info (12127): Elaborating entity "genius" for the top level hierarchy
Warning (10036): Verilog HDL or VHDL warning at genius.vhd(61): object "sequencia_dificil_fpga" assigned a value but never read File: C:/tp-labsd-genius/genius.vhd Line: 61
Warning (10036): Verilog HDL or VHDL warning at genius.vhd(64): object "sequencia_dificil_usuario" assigned a value but never read File: C:/tp-labsd-genius/genius.vhd Line: 64
Warning (10036): Verilog HDL or VHDL warning at genius.vhd(78): object "cont_facil" assigned a value but never read File: C:/tp-labsd-genius/genius.vhd Line: 78
Warning (10036): Verilog HDL or VHDL warning at genius.vhd(79): object "cont_dificil" assigned a value but never read File: C:/tp-labsd-genius/genius.vhd Line: 79
Warning (10036): Verilog HDL or VHDL warning at genius.vhd(83): object "cont_jogada" assigned a value but never read File: C:/tp-labsd-genius/genius.vhd Line: 83
Warning (10492): VHDL Process Statement warning at genius.vhd(161): signal "sequencia_facil_fpga" is read inside the Process Statement but isn't in the Process Statement's sensitivity list File: C:/tp-labsd-genius/genius.vhd Line: 161
Warning (10492): VHDL Process Statement warning at genius.vhd(161): signal "cont" is read inside the Process Statement but isn't in the Process Statement's sensitivity list File: C:/tp-labsd-genius/genius.vhd Line: 161
Warning (10492): VHDL Process Statement warning at genius.vhd(184): signal "cont" is read inside the Process Statement but isn't in the Process Statement's sensitivity list File: C:/tp-labsd-genius/genius.vhd Line: 184
Warning (10492): VHDL Process Statement warning at genius.vhd(184): signal "cont_rodada" is read inside the Process Statement but isn't in the Process Statement's sensitivity list File: C:/tp-labsd-genius/genius.vhd Line: 184
Warning (10492): VHDL Process Statement warning at genius.vhd(185): signal "cont" is read inside the Process Statement but isn't in the Process Statement's sensitivity list File: C:/tp-labsd-genius/genius.vhd Line: 185
Warning (10492): VHDL Process Statement warning at genius.vhd(201): signal "qual_botao" is read inside the Process Statement but isn't in the Process Statement's sensitivity list File: C:/tp-labsd-genius/genius.vhd Line: 201
Warning (10492): VHDL Process Statement warning at genius.vhd(212): signal "cont_entrada" is read inside the Process Statement but isn't in the Process Statement's sensitivity list File: C:/tp-labsd-genius/genius.vhd Line: 212
Warning (10492): VHDL Process Statement warning at genius.vhd(219): signal "cont_entrada" is read inside the Process Statement but isn't in the Process Statement's sensitivity list File: C:/tp-labsd-genius/genius.vhd Line: 219
Warning (10492): VHDL Process Statement warning at genius.vhd(222): signal "cont_entrada" is read inside the Process Statement but isn't in the Process Statement's sensitivity list File: C:/tp-labsd-genius/genius.vhd Line: 222
Warning (10492): VHDL Process Statement warning at genius.vhd(229): signal "cont_entrada" is read inside the Process Statement but isn't in the Process Statement's sensitivity list File: C:/tp-labsd-genius/genius.vhd Line: 229
Warning (10492): VHDL Process Statement warning at genius.vhd(232): signal "cont_entrada" is read inside the Process Statement but isn't in the Process Statement's sensitivity list File: C:/tp-labsd-genius/genius.vhd Line: 232
Warning (10492): VHDL Process Statement warning at genius.vhd(239): signal "cont_entrada" is read inside the Process Statement but isn't in the Process Statement's sensitivity list File: C:/tp-labsd-genius/genius.vhd Line: 239
Warning (10492): VHDL Process Statement warning at genius.vhd(242): signal "cont_entrada" is read inside the Process Statement but isn't in the Process Statement's sensitivity list File: C:/tp-labsd-genius/genius.vhd Line: 242
Warning (10492): VHDL Process Statement warning at genius.vhd(249): signal "cont_entrada" is read inside the Process Statement but isn't in the Process Statement's sensitivity list File: C:/tp-labsd-genius/genius.vhd Line: 249
Warning (10492): VHDL Process Statement warning at genius.vhd(271): signal "cont_entrada" is read inside the Process Statement but isn't in the Process Statement's sensitivity list File: C:/tp-labsd-genius/genius.vhd Line: 271
Warning (10492): VHDL Process Statement warning at genius.vhd(271): signal "cont_rodada" is read inside the Process Statement but isn't in the Process Statement's sensitivity list File: C:/tp-labsd-genius/genius.vhd Line: 271
Warning (10492): VHDL Process Statement warning at genius.vhd(291): signal "cont_rodada" is read inside the Process Statement but isn't in the Process Statement's sensitivity list File: C:/tp-labsd-genius/genius.vhd Line: 291
Warning (10492): VHDL Process Statement warning at genius.vhd(292): signal "sequencia_facil_fpga" is read inside the Process Statement but isn't in the Process Statement's sensitivity list File: C:/tp-labsd-genius/genius.vhd Line: 292
Warning (10492): VHDL Process Statement warning at genius.vhd(292): signal "sequencia_facil_usuario" is read inside the Process Statement but isn't in the Process Statement's sensitivity list File: C:/tp-labsd-genius/genius.vhd Line: 292
Warning (10492): VHDL Process Statement warning at genius.vhd(320): signal "cont_rodada" is read inside the Process Statement but isn't in the Process Statement's sensitivity list File: C:/tp-labsd-genius/genius.vhd Line: 320
Warning (10492): VHDL Process Statement warning at genius.vhd(331): signal "cont_rodada" is read inside the Process Statement but isn't in the Process Statement's sensitivity list File: C:/tp-labsd-genius/genius.vhd Line: 331
Warning (10631): VHDL Process Statement warning at genius.vhd(103): inferring latch(es) for signal or variable "led_ligado", which holds its previous value in one or more paths through the process File: C:/tp-labsd-genius/genius.vhd Line: 103
Warning (10631): VHDL Process Statement warning at genius.vhd(103): inferring latch(es) for signal or variable "sequencia_facil_fpga", which holds its previous value in one or more paths through the process File: C:/tp-labsd-genius/genius.vhd Line: 103
Warning (10631): VHDL Process Statement warning at genius.vhd(103): inferring latch(es) for signal or variable "sequencia_facil_usuario", which holds its previous value in one or more paths through the process File: C:/tp-labsd-genius/genius.vhd Line: 103
Warning (10631): VHDL Process Statement warning at genius.vhd(103): inferring latch(es) for signal or variable "cont_entrada", which holds its previous value in one or more paths through the process File: C:/tp-labsd-genius/genius.vhd Line: 103
Warning (10631): VHDL Process Statement warning at genius.vhd(103): inferring latch(es) for signal or variable "cont_rodada", which holds its previous value in one or more paths through the process File: C:/tp-labsd-genius/genius.vhd Line: 103
Warning (10631): VHDL Process Statement warning at genius.vhd(103): inferring latch(es) for signal or variable "nextstate", which holds its previous value in one or more paths through the process File: C:/tp-labsd-genius/genius.vhd Line: 103
Warning (10631): VHDL Process Statement warning at genius.vhd(103): inferring latch(es) for signal or variable "led_azul", which holds its previous value in one or more paths through the process File: C:/tp-labsd-genius/genius.vhd Line: 103
Warning (10631): VHDL Process Statement warning at genius.vhd(103): inferring latch(es) for signal or variable "led_amarelo", which holds its previous value in one or more paths through the process File: C:/tp-labsd-genius/genius.vhd Line: 103
Warning (10631): VHDL Process Statement warning at genius.vhd(103): inferring latch(es) for signal or variable "led_verde", which holds its previous value in one or more paths through the process File: C:/tp-labsd-genius/genius.vhd Line: 103
Warning (10631): VHDL Process Statement warning at genius.vhd(103): inferring latch(es) for signal or variable "led_vermelho", which holds its previous value in one or more paths through the process File: C:/tp-labsd-genius/genius.vhd Line: 103
Warning (10631): VHDL Process Statement warning at genius.vhd(103): inferring latch(es) for signal or variable "cont", which holds its previous value in one or more paths through the process File: C:/tp-labsd-genius/genius.vhd Line: 103
Warning (10631): VHDL Process Statement warning at genius.vhd(103): inferring latch(es) for signal or variable "cont_c", which holds its previous value in one or more paths through the process File: C:/tp-labsd-genius/genius.vhd Line: 103
Warning (10631): VHDL Process Statement warning at genius.vhd(103): inferring latch(es) for signal or variable "cont_e", which holds its previous value in one or more paths through the process File: C:/tp-labsd-genius/genius.vhd Line: 103
Warning (10631): VHDL Process Statement warning at genius.vhd(103): inferring latch(es) for signal or variable "cont_certo", which holds its previous value in one or more paths through the process File: C:/tp-labsd-genius/genius.vhd Line: 103
Warning (10631): VHDL Process Statement warning at genius.vhd(103): inferring latch(es) for signal or variable "cont_errado", which holds its previous value in one or more paths through the process File: C:/tp-labsd-genius/genius.vhd Line: 103
Warning (10492): VHDL Process Statement warning at genius.vhd(374): signal "entrada_ligado" is read inside the Process Statement but isn't in the Process Statement's sensitivity list File: C:/tp-labsd-genius/genius.vhd Line: 374
Info (10041): Inferred latch for "cont_errado[0]" at genius.vhd(103) File: C:/tp-labsd-genius/genius.vhd Line: 103
Info (10041): Inferred latch for "cont_errado[1]" at genius.vhd(103) File: C:/tp-labsd-genius/genius.vhd Line: 103
Info (10041): Inferred latch for "cont_errado[2]" at genius.vhd(103) File: C:/tp-labsd-genius/genius.vhd Line: 103
Info (10041): Inferred latch for "cont_errado[3]" at genius.vhd(103) File: C:/tp-labsd-genius/genius.vhd Line: 103
Info (10041): Inferred latch for "cont_errado[4]" at genius.vhd(103) File: C:/tp-labsd-genius/genius.vhd Line: 103
Info (10041): Inferred latch for "cont_certo[0]" at genius.vhd(103) File: C:/tp-labsd-genius/genius.vhd Line: 103
Info (10041): Inferred latch for "cont_certo[1]" at genius.vhd(103) File: C:/tp-labsd-genius/genius.vhd Line: 103
Info (10041): Inferred latch for "cont_certo[2]" at genius.vhd(103) File: C:/tp-labsd-genius/genius.vhd Line: 103
Info (10041): Inferred latch for "cont_certo[3]" at genius.vhd(103) File: C:/tp-labsd-genius/genius.vhd Line: 103
Info (10041): Inferred latch for "cont_certo[4]" at genius.vhd(103) File: C:/tp-labsd-genius/genius.vhd Line: 103
Info (10041): Inferred latch for "statemachine_comb:cont_e[0]" at genius.vhd(103) File: C:/tp-labsd-genius/genius.vhd Line: 103
Info (10041): Inferred latch for "statemachine_comb:cont_e[1]" at genius.vhd(103) File: C:/tp-labsd-genius/genius.vhd Line: 103
Info (10041): Inferred latch for "statemachine_comb:cont_e[2]" at genius.vhd(103) File: C:/tp-labsd-genius/genius.vhd Line: 103
Info (10041): Inferred latch for "statemachine_comb:cont_e[3]" at genius.vhd(103) File: C:/tp-labsd-genius/genius.vhd Line: 103
Info (10041): Inferred latch for "statemachine_comb:cont_c[0]" at genius.vhd(103) File: C:/tp-labsd-genius/genius.vhd Line: 103
Info (10041): Inferred latch for "statemachine_comb:cont_c[1]" at genius.vhd(103) File: C:/tp-labsd-genius/genius.vhd Line: 103
Info (10041): Inferred latch for "statemachine_comb:cont_c[2]" at genius.vhd(103) File: C:/tp-labsd-genius/genius.vhd Line: 103
Info (10041): Inferred latch for "statemachine_comb:cont_c[3]" at genius.vhd(103) File: C:/tp-labsd-genius/genius.vhd Line: 103
Info (10041): Inferred latch for "cont[0]" at genius.vhd(103) File: C:/tp-labsd-genius/genius.vhd Line: 103
Info (10041): Inferred latch for "cont[1]" at genius.vhd(103) File: C:/tp-labsd-genius/genius.vhd Line: 103
Info (10041): Inferred latch for "cont[2]" at genius.vhd(103) File: C:/tp-labsd-genius/genius.vhd Line: 103
Info (10041): Inferred latch for "cont[3]" at genius.vhd(103) File: C:/tp-labsd-genius/genius.vhd Line: 103
Info (10041): Inferred latch for "cont[4]" at genius.vhd(103) File: C:/tp-labsd-genius/genius.vhd Line: 103
Info (10041): Inferred latch for "led_vermelho" at genius.vhd(103) File: C:/tp-labsd-genius/genius.vhd Line: 103
Info (10041): Inferred latch for "led_verde" at genius.vhd(103) File: C:/tp-labsd-genius/genius.vhd Line: 103
Info (10041): Inferred latch for "led_amarelo" at genius.vhd(103) File: C:/tp-labsd-genius/genius.vhd Line: 103
Info (10041): Inferred latch for "led_azul" at genius.vhd(103) File: C:/tp-labsd-genius/genius.vhd Line: 103
Info (10041): Inferred latch for "nextstate.FINALIZA_JOGO" at genius.vhd(103) File: C:/tp-labsd-genius/genius.vhd Line: 103
Info (10041): Inferred latch for "nextstate.CONTINUA_JOGO" at genius.vhd(103) File: C:/tp-labsd-genius/genius.vhd Line: 103
Info (10041): Inferred latch for "nextstate.VERIFICA_ENTRADA" at genius.vhd(103) File: C:/tp-labsd-genius/genius.vhd Line: 103
Info (10041): Inferred latch for "nextstate.NAO_LEU_NADA" at genius.vhd(103) File: C:/tp-labsd-genius/genius.vhd Line: 103
Info (10041): Inferred latch for "nextstate.LE_UMA_ENTRADA" at genius.vhd(103) File: C:/tp-labsd-genius/genius.vhd Line: 103
Info (10041): Inferred latch for "nextstate.AGUARDA_ENTRADA" at genius.vhd(103) File: C:/tp-labsd-genius/genius.vhd Line: 103
Info (10041): Inferred latch for "nextstate.VERIFICA_MOSTRA_COR" at genius.vhd(103) File: C:/tp-labsd-genius/genius.vhd Line: 103
Info (10041): Inferred latch for "nextstate.MOSTRA_COR" at genius.vhd(103) File: C:/tp-labsd-genius/genius.vhd Line: 103
Info (10041): Inferred latch for "nextstate.PREPARA_JOGO" at genius.vhd(103) File: C:/tp-labsd-genius/genius.vhd Line: 103
Info (10041): Inferred latch for "nextstate.INIT" at genius.vhd(103) File: C:/tp-labsd-genius/genius.vhd Line: 103
Info (10041): Inferred latch for "cont_rodada[0]" at genius.vhd(103) File: C:/tp-labsd-genius/genius.vhd Line: 103
Info (10041): Inferred latch for "cont_rodada[1]" at genius.vhd(103) File: C:/tp-labsd-genius/genius.vhd Line: 103
Info (10041): Inferred latch for "cont_rodada[2]" at genius.vhd(103) File: C:/tp-labsd-genius/genius.vhd Line: 103
Info (10041): Inferred latch for "cont_rodada[3]" at genius.vhd(103) File: C:/tp-labsd-genius/genius.vhd Line: 103
Info (10041): Inferred latch for "cont_entrada[0]" at genius.vhd(103) File: C:/tp-labsd-genius/genius.vhd Line: 103
Info (10041): Inferred latch for "cont_entrada[1]" at genius.vhd(103) File: C:/tp-labsd-genius/genius.vhd Line: 103
Info (10041): Inferred latch for "cont_entrada[2]" at genius.vhd(103) File: C:/tp-labsd-genius/genius.vhd Line: 103
Info (10041): Inferred latch for "cont_entrada[3]" at genius.vhd(103) File: C:/tp-labsd-genius/genius.vhd Line: 103
Info (10041): Inferred latch for "cont_entrada[4]" at genius.vhd(103) File: C:/tp-labsd-genius/genius.vhd Line: 103
Info (10041): Inferred latch for "sequencia_facil_usuario[1][0]" at genius.vhd(103) File: C:/tp-labsd-genius/genius.vhd Line: 103
Info (10041): Inferred latch for "sequencia_facil_usuario[1][1]" at genius.vhd(103) File: C:/tp-labsd-genius/genius.vhd Line: 103
Info (10041): Inferred latch for "sequencia_facil_usuario[1][2]" at genius.vhd(103) File: C:/tp-labsd-genius/genius.vhd Line: 103
Info (10041): Inferred latch for "sequencia_facil_usuario[2][0]" at genius.vhd(103) File: C:/tp-labsd-genius/genius.vhd Line: 103
Info (10041): Inferred latch for "sequencia_facil_usuario[2][1]" at genius.vhd(103) File: C:/tp-labsd-genius/genius.vhd Line: 103
Info (10041): Inferred latch for "sequencia_facil_usuario[2][2]" at genius.vhd(103) File: C:/tp-labsd-genius/genius.vhd Line: 103
Info (10041): Inferred latch for "sequencia_facil_usuario[3][0]" at genius.vhd(103) File: C:/tp-labsd-genius/genius.vhd Line: 103
Info (10041): Inferred latch for "sequencia_facil_usuario[3][1]" at genius.vhd(103) File: C:/tp-labsd-genius/genius.vhd Line: 103
Info (10041): Inferred latch for "sequencia_facil_usuario[3][2]" at genius.vhd(103) File: C:/tp-labsd-genius/genius.vhd Line: 103
Info (10041): Inferred latch for "sequencia_facil_usuario[4][0]" at genius.vhd(103) File: C:/tp-labsd-genius/genius.vhd Line: 103
Info (10041): Inferred latch for "sequencia_facil_usuario[4][1]" at genius.vhd(103) File: C:/tp-labsd-genius/genius.vhd Line: 103
Info (10041): Inferred latch for "sequencia_facil_usuario[4][2]" at genius.vhd(103) File: C:/tp-labsd-genius/genius.vhd Line: 103
Info (10041): Inferred latch for "sequencia_facil_usuario[5][0]" at genius.vhd(103) File: C:/tp-labsd-genius/genius.vhd Line: 103
Info (10041): Inferred latch for "sequencia_facil_usuario[5][1]" at genius.vhd(103) File: C:/tp-labsd-genius/genius.vhd Line: 103
Info (10041): Inferred latch for "sequencia_facil_usuario[5][2]" at genius.vhd(103) File: C:/tp-labsd-genius/genius.vhd Line: 103
Info (10041): Inferred latch for "sequencia_facil_usuario[6][0]" at genius.vhd(103) File: C:/tp-labsd-genius/genius.vhd Line: 103
Info (10041): Inferred latch for "sequencia_facil_usuario[6][1]" at genius.vhd(103) File: C:/tp-labsd-genius/genius.vhd Line: 103
Info (10041): Inferred latch for "sequencia_facil_usuario[6][2]" at genius.vhd(103) File: C:/tp-labsd-genius/genius.vhd Line: 103
Info (10041): Inferred latch for "sequencia_facil_usuario[7][0]" at genius.vhd(103) File: C:/tp-labsd-genius/genius.vhd Line: 103
Info (10041): Inferred latch for "sequencia_facil_usuario[7][1]" at genius.vhd(103) File: C:/tp-labsd-genius/genius.vhd Line: 103
Info (10041): Inferred latch for "sequencia_facil_usuario[7][2]" at genius.vhd(103) File: C:/tp-labsd-genius/genius.vhd Line: 103
Info (10041): Inferred latch for "sequencia_facil_usuario[8][0]" at genius.vhd(103) File: C:/tp-labsd-genius/genius.vhd Line: 103
Info (10041): Inferred latch for "sequencia_facil_usuario[8][1]" at genius.vhd(103) File: C:/tp-labsd-genius/genius.vhd Line: 103
Info (10041): Inferred latch for "sequencia_facil_usuario[8][2]" at genius.vhd(103) File: C:/tp-labsd-genius/genius.vhd Line: 103
Info (10041): Inferred latch for "sequencia_facil_fpga[0][0]" at genius.vhd(103) File: C:/tp-labsd-genius/genius.vhd Line: 103
Info (10041): Inferred latch for "sequencia_facil_fpga[0][1]" at genius.vhd(103) File: C:/tp-labsd-genius/genius.vhd Line: 103
Info (10041): Inferred latch for "sequencia_facil_fpga[0][2]" at genius.vhd(103) File: C:/tp-labsd-genius/genius.vhd Line: 103
Info (10041): Inferred latch for "sequencia_facil_fpga[1][0]" at genius.vhd(103) File: C:/tp-labsd-genius/genius.vhd Line: 103
Info (10041): Inferred latch for "sequencia_facil_fpga[1][1]" at genius.vhd(103) File: C:/tp-labsd-genius/genius.vhd Line: 103
Info (10041): Inferred latch for "sequencia_facil_fpga[1][2]" at genius.vhd(103) File: C:/tp-labsd-genius/genius.vhd Line: 103
Info (10041): Inferred latch for "sequencia_facil_fpga[2][0]" at genius.vhd(103) File: C:/tp-labsd-genius/genius.vhd Line: 103
Info (10041): Inferred latch for "sequencia_facil_fpga[2][1]" at genius.vhd(103) File: C:/tp-labsd-genius/genius.vhd Line: 103
Info (10041): Inferred latch for "sequencia_facil_fpga[2][2]" at genius.vhd(103) File: C:/tp-labsd-genius/genius.vhd Line: 103
Info (10041): Inferred latch for "sequencia_facil_fpga[3][0]" at genius.vhd(103) File: C:/tp-labsd-genius/genius.vhd Line: 103
Info (10041): Inferred latch for "sequencia_facil_fpga[3][1]" at genius.vhd(103) File: C:/tp-labsd-genius/genius.vhd Line: 103
Info (10041): Inferred latch for "sequencia_facil_fpga[3][2]" at genius.vhd(103) File: C:/tp-labsd-genius/genius.vhd Line: 103
Info (10041): Inferred latch for "sequencia_facil_fpga[4][0]" at genius.vhd(103) File: C:/tp-labsd-genius/genius.vhd Line: 103
Info (10041): Inferred latch for "sequencia_facil_fpga[4][1]" at genius.vhd(103) File: C:/tp-labsd-genius/genius.vhd Line: 103
Info (10041): Inferred latch for "sequencia_facil_fpga[4][2]" at genius.vhd(103) File: C:/tp-labsd-genius/genius.vhd Line: 103
Info (10041): Inferred latch for "sequencia_facil_fpga[5][0]" at genius.vhd(103) File: C:/tp-labsd-genius/genius.vhd Line: 103
Info (10041): Inferred latch for "sequencia_facil_fpga[5][1]" at genius.vhd(103) File: C:/tp-labsd-genius/genius.vhd Line: 103
Info (10041): Inferred latch for "sequencia_facil_fpga[5][2]" at genius.vhd(103) File: C:/tp-labsd-genius/genius.vhd Line: 103
Info (10041): Inferred latch for "sequencia_facil_fpga[6][0]" at genius.vhd(103) File: C:/tp-labsd-genius/genius.vhd Line: 103
Info (10041): Inferred latch for "sequencia_facil_fpga[6][1]" at genius.vhd(103) File: C:/tp-labsd-genius/genius.vhd Line: 103
Info (10041): Inferred latch for "sequencia_facil_fpga[6][2]" at genius.vhd(103) File: C:/tp-labsd-genius/genius.vhd Line: 103
Info (10041): Inferred latch for "sequencia_facil_fpga[7][0]" at genius.vhd(103) File: C:/tp-labsd-genius/genius.vhd Line: 103
Info (10041): Inferred latch for "sequencia_facil_fpga[7][1]" at genius.vhd(103) File: C:/tp-labsd-genius/genius.vhd Line: 103
Info (10041): Inferred latch for "sequencia_facil_fpga[7][2]" at genius.vhd(103) File: C:/tp-labsd-genius/genius.vhd Line: 103
Info (10041): Inferred latch for "sequencia_facil_fpga[8][0]" at genius.vhd(103) File: C:/tp-labsd-genius/genius.vhd Line: 103
Info (10041): Inferred latch for "sequencia_facil_fpga[8][1]" at genius.vhd(103) File: C:/tp-labsd-genius/genius.vhd Line: 103
Info (10041): Inferred latch for "sequencia_facil_fpga[8][2]" at genius.vhd(103) File: C:/tp-labsd-genius/genius.vhd Line: 103
Info (10041): Inferred latch for "led_ligado" at genius.vhd(103) File: C:/tp-labsd-genius/genius.vhd Line: 103
Info (13025): Duplicate LATCH primitives merged into single LATCH primitive
    Info (13026): Duplicate LATCH primitive "sequencia_facil_fpga[1][0]" merged with LATCH primitive "sequencia_facil_fpga[8][2]" File: C:/tp-labsd-genius/genius.vhd Line: 103
    Info (13026): Duplicate LATCH primitive "sequencia_facil_fpga[2][1]" merged with LATCH primitive "sequencia_facil_fpga[8][2]" File: C:/tp-labsd-genius/genius.vhd Line: 103
    Info (13026): Duplicate LATCH primitive "sequencia_facil_fpga[3][0]" merged with LATCH primitive "sequencia_facil_fpga[8][2]" File: C:/tp-labsd-genius/genius.vhd Line: 103
    Info (13026): Duplicate LATCH primitive "sequencia_facil_fpga[3][1]" merged with LATCH primitive "sequencia_facil_fpga[8][2]" File: C:/tp-labsd-genius/genius.vhd Line: 103
    Info (13026): Duplicate LATCH primitive "sequencia_facil_fpga[4][2]" merged with LATCH primitive "sequencia_facil_fpga[8][2]" File: C:/tp-labsd-genius/genius.vhd Line: 103
    Info (13026): Duplicate LATCH primitive "sequencia_facil_fpga[5][0]" merged with LATCH primitive "sequencia_facil_fpga[8][2]" File: C:/tp-labsd-genius/genius.vhd Line: 103
    Info (13026): Duplicate LATCH primitive "sequencia_facil_fpga[6][1]" merged with LATCH primitive "sequencia_facil_fpga[8][2]" File: C:/tp-labsd-genius/genius.vhd Line: 103
    Info (13026): Duplicate LATCH primitive "sequencia_facil_fpga[7][0]" merged with LATCH primitive "sequencia_facil_fpga[8][2]" File: C:/tp-labsd-genius/genius.vhd Line: 103
    Info (13026): Duplicate LATCH primitive "sequencia_facil_fpga[7][1]" merged with LATCH primitive "sequencia_facil_fpga[8][2]" File: C:/tp-labsd-genius/genius.vhd Line: 103
Warning (13012): Latch cont[0] has unsafe behavior File: C:/tp-labsd-genius/genius.vhd Line: 103
    Warning (13013): Ports D and ENA on the latch are fed by the same signal state.CONTINUA_JOGO File: C:/tp-labsd-genius/genius.vhd Line: 55
Warning (13012): Latch cont[1] has unsafe behavior File: C:/tp-labsd-genius/genius.vhd Line: 103
    Warning (13013): Ports D and ENA on the latch are fed by the same signal state.CONTINUA_JOGO File: C:/tp-labsd-genius/genius.vhd Line: 55
Warning (13012): Latch cont[2] has unsafe behavior File: C:/tp-labsd-genius/genius.vhd Line: 103
    Warning (13013): Ports D and ENA on the latch are fed by the same signal state.CONTINUA_JOGO File: C:/tp-labsd-genius/genius.vhd Line: 55
Warning (13012): Latch cont[3] has unsafe behavior File: C:/tp-labsd-genius/genius.vhd Line: 103
    Warning (13013): Ports D and ENA on the latch are fed by the same signal state.CONTINUA_JOGO File: C:/tp-labsd-genius/genius.vhd Line: 55
Warning (13012): Latch cont[4] has unsafe behavior File: C:/tp-labsd-genius/genius.vhd Line: 103
    Warning (13013): Ports D and ENA on the latch are fed by the same signal state.CONTINUA_JOGO File: C:/tp-labsd-genius/genius.vhd Line: 55
Warning (13012): Latch cont_entrada[0] has unsafe behavior File: C:/tp-labsd-genius/genius.vhd Line: 103
    Warning (13013): Ports D and ENA on the latch are fed by the same signal state.AGUARDA_ENTRADA File: C:/tp-labsd-genius/genius.vhd Line: 55
Warning (13012): Latch cont_entrada[1] has unsafe behavior File: C:/tp-labsd-genius/genius.vhd Line: 103
    Warning (13013): Ports D and ENA on the latch are fed by the same signal state.AGUARDA_ENTRADA File: C:/tp-labsd-genius/genius.vhd Line: 55
Warning (13012): Latch cont_entrada[2] has unsafe behavior File: C:/tp-labsd-genius/genius.vhd Line: 103
    Warning (13013): Ports D and ENA on the latch are fed by the same signal state.AGUARDA_ENTRADA File: C:/tp-labsd-genius/genius.vhd Line: 55
Warning (13012): Latch cont_entrada[3] has unsafe behavior File: C:/tp-labsd-genius/genius.vhd Line: 103
    Warning (13013): Ports D and ENA on the latch are fed by the same signal state.AGUARDA_ENTRADA File: C:/tp-labsd-genius/genius.vhd Line: 55
Warning (13012): Latch cont_entrada[4] has unsafe behavior File: C:/tp-labsd-genius/genius.vhd Line: 103
    Warning (13013): Ports D and ENA on the latch are fed by the same signal state.AGUARDA_ENTRADA File: C:/tp-labsd-genius/genius.vhd Line: 55
Warning (13012): Latch cont_rodada[0] has unsafe behavior File: C:/tp-labsd-genius/genius.vhd Line: 103
    Warning (13013): Ports D and ENA on the latch are fed by the same signal state.CONTINUA_JOGO File: C:/tp-labsd-genius/genius.vhd Line: 55
Warning (13012): Latch cont_rodada[1] has unsafe behavior File: C:/tp-labsd-genius/genius.vhd Line: 103
    Warning (13013): Ports D and ENA on the latch are fed by the same signal state.CONTINUA_JOGO File: C:/tp-labsd-genius/genius.vhd Line: 55
Warning (13012): Latch cont_rodada[2] has unsafe behavior File: C:/tp-labsd-genius/genius.vhd Line: 103
    Warning (13013): Ports D and ENA on the latch are fed by the same signal state.CONTINUA_JOGO File: C:/tp-labsd-genius/genius.vhd Line: 55
Warning (13012): Latch cont_rodada[3] has unsafe behavior File: C:/tp-labsd-genius/genius.vhd Line: 103
    Warning (13013): Ports D and ENA on the latch are fed by the same signal state.CONTINUA_JOGO File: C:/tp-labsd-genius/genius.vhd Line: 55
Warning (13012): Latch cont_certo[0] has unsafe behavior File: C:/tp-labsd-genius/genius.vhd Line: 103
    Warning (13013): Ports D and ENA on the latch are fed by the same signal state.CONTINUA_JOGO File: C:/tp-labsd-genius/genius.vhd Line: 55
Warning (13012): Latch cont_certo[1] has unsafe behavior File: C:/tp-labsd-genius/genius.vhd Line: 103
    Warning (13013): Ports D and ENA on the latch are fed by the same signal state.CONTINUA_JOGO File: C:/tp-labsd-genius/genius.vhd Line: 55
Warning (13012): Latch cont_certo[2] has unsafe behavior File: C:/tp-labsd-genius/genius.vhd Line: 103
    Warning (13013): Ports D and ENA on the latch are fed by the same signal state.CONTINUA_JOGO File: C:/tp-labsd-genius/genius.vhd Line: 55
Warning (13012): Latch cont_certo[3] has unsafe behavior File: C:/tp-labsd-genius/genius.vhd Line: 103
    Warning (13013): Ports D and ENA on the latch are fed by the same signal state.CONTINUA_JOGO File: C:/tp-labsd-genius/genius.vhd Line: 55
Warning (13012): Latch cont_errado[0] has unsafe behavior File: C:/tp-labsd-genius/genius.vhd Line: 103
    Warning (13013): Ports D and ENA on the latch are fed by the same signal state.CONTINUA_JOGO File: C:/tp-labsd-genius/genius.vhd Line: 55
Warning (13012): Latch cont_errado[1] has unsafe behavior File: C:/tp-labsd-genius/genius.vhd Line: 103
    Warning (13013): Ports D and ENA on the latch are fed by the same signal state.CONTINUA_JOGO File: C:/tp-labsd-genius/genius.vhd Line: 55
Warning (13012): Latch cont_errado[2] has unsafe behavior File: C:/tp-labsd-genius/genius.vhd Line: 103
    Warning (13013): Ports D and ENA on the latch are fed by the same signal state.CONTINUA_JOGO File: C:/tp-labsd-genius/genius.vhd Line: 55
Warning (13012): Latch cont_errado[3] has unsafe behavior File: C:/tp-labsd-genius/genius.vhd Line: 103
    Warning (13013): Ports D and ENA on the latch are fed by the same signal state.CONTINUA_JOGO File: C:/tp-labsd-genius/genius.vhd Line: 55
Warning (13012): Latch led_azul$latch has unsafe behavior File: C:/tp-labsd-genius/genius.vhd Line: 103
    Warning (13013): Ports D and ENA on the latch are fed by the same signal state.AGUARDA_ENTRADA File: C:/tp-labsd-genius/genius.vhd Line: 55
Warning (13012): Latch led_amarelo$latch has unsafe behavior File: C:/tp-labsd-genius/genius.vhd Line: 103
    Warning (13013): Ports D and ENA on the latch are fed by the same signal state.AGUARDA_ENTRADA File: C:/tp-labsd-genius/genius.vhd Line: 55
Warning (13012): Latch led_verde$latch has unsafe behavior File: C:/tp-labsd-genius/genius.vhd Line: 103
    Warning (13013): Ports D and ENA on the latch are fed by the same signal state.AGUARDA_ENTRADA File: C:/tp-labsd-genius/genius.vhd Line: 55
Warning (13012): Latch led_vermelho$latch has unsafe behavior File: C:/tp-labsd-genius/genius.vhd Line: 103
    Warning (13013): Ports D and ENA on the latch are fed by the same signal state.AGUARDA_ENTRADA File: C:/tp-labsd-genius/genius.vhd Line: 55
Warning (13012): Latch led_ligado$latch has unsafe behavior File: C:/tp-labsd-genius/genius.vhd Line: 103
    Warning (13013): Ports D and ENA on the latch are fed by the same signal state.PREPARA_JOGO File: C:/tp-labsd-genius/genius.vhd Line: 55
Warning (13012): Latch sequencia_facil_usuario[8][0] has unsafe behavior File: C:/tp-labsd-genius/genius.vhd Line: 103
    Warning (13013): Ports D and ENA on the latch are fed by the same signal state.AGUARDA_ENTRADA File: C:/tp-labsd-genius/genius.vhd Line: 55
Warning (13012): Latch sequencia_facil_usuario[8][1] has unsafe behavior File: C:/tp-labsd-genius/genius.vhd Line: 103
    Warning (13013): Ports D and ENA on the latch are fed by the same signal state.AGUARDA_ENTRADA File: C:/tp-labsd-genius/genius.vhd Line: 55
Warning (13012): Latch sequencia_facil_usuario[8][2] has unsafe behavior File: C:/tp-labsd-genius/genius.vhd Line: 103
    Warning (13013): Ports D and ENA on the latch are fed by the same signal state.AGUARDA_ENTRADA File: C:/tp-labsd-genius/genius.vhd Line: 55
Warning (13012): Latch sequencia_facil_fpga[8][2] has unsafe behavior File: C:/tp-labsd-genius/genius.vhd Line: 103
    Warning (13013): Ports D and ENA on the latch are fed by the same signal state.PREPARA_JOGO File: C:/tp-labsd-genius/genius.vhd Line: 55
Warning (13012): Latch sequencia_facil_usuario[1][1] has unsafe behavior File: C:/tp-labsd-genius/genius.vhd Line: 103
    Warning (13013): Ports D and ENA on the latch are fed by the same signal state.AGUARDA_ENTRADA File: C:/tp-labsd-genius/genius.vhd Line: 55
Warning (13012): Latch sequencia_facil_usuario[1][2] has unsafe behavior File: C:/tp-labsd-genius/genius.vhd Line: 103
    Warning (13013): Ports D and ENA on the latch are fed by the same signal state.AGUARDA_ENTRADA File: C:/tp-labsd-genius/genius.vhd Line: 55
Warning (13012): Latch sequencia_facil_usuario[1][0] has unsafe behavior File: C:/tp-labsd-genius/genius.vhd Line: 103
    Warning (13013): Ports D and ENA on the latch are fed by the same signal state.AGUARDA_ENTRADA File: C:/tp-labsd-genius/genius.vhd Line: 55
Warning (13012): Latch \statemachine_comb:cont_c[0] has unsafe behavior
    Warning (13013): Ports D and ENA on the latch are fed by the same signal sequencia_facil_usuario[8][0] File: C:/tp-labsd-genius/genius.vhd Line: 103
Warning (13012): Latch sequencia_facil_usuario[3][2] has unsafe behavior File: C:/tp-labsd-genius/genius.vhd Line: 103
    Warning (13013): Ports D and ENA on the latch are fed by the same signal state.AGUARDA_ENTRADA File: C:/tp-labsd-genius/genius.vhd Line: 55
Warning (13012): Latch sequencia_facil_usuario[3][0] has unsafe behavior File: C:/tp-labsd-genius/genius.vhd Line: 103
    Warning (13013): Ports D and ENA on the latch are fed by the same signal state.AGUARDA_ENTRADA File: C:/tp-labsd-genius/genius.vhd Line: 55
Warning (13012): Latch sequencia_facil_usuario[3][1] has unsafe behavior File: C:/tp-labsd-genius/genius.vhd Line: 103
    Warning (13013): Ports D and ENA on the latch are fed by the same signal state.AGUARDA_ENTRADA File: C:/tp-labsd-genius/genius.vhd Line: 55
Warning (13012): Latch sequencia_facil_usuario[2][0] has unsafe behavior File: C:/tp-labsd-genius/genius.vhd Line: 103
    Warning (13013): Ports D and ENA on the latch are fed by the same signal state.AGUARDA_ENTRADA File: C:/tp-labsd-genius/genius.vhd Line: 55
Warning (13012): Latch sequencia_facil_usuario[2][2] has unsafe behavior File: C:/tp-labsd-genius/genius.vhd Line: 103
    Warning (13013): Ports D and ENA on the latch are fed by the same signal state.AGUARDA_ENTRADA File: C:/tp-labsd-genius/genius.vhd Line: 55
Warning (13012): Latch sequencia_facil_usuario[2][1] has unsafe behavior File: C:/tp-labsd-genius/genius.vhd Line: 103
    Warning (13013): Ports D and ENA on the latch are fed by the same signal state.AGUARDA_ENTRADA File: C:/tp-labsd-genius/genius.vhd Line: 55
Warning (13012): Latch sequencia_facil_usuario[7][2] has unsafe behavior File: C:/tp-labsd-genius/genius.vhd Line: 103
    Warning (13013): Ports D and ENA on the latch are fed by the same signal state.AGUARDA_ENTRADA File: C:/tp-labsd-genius/genius.vhd Line: 55
Warning (13012): Latch sequencia_facil_usuario[7][0] has unsafe behavior File: C:/tp-labsd-genius/genius.vhd Line: 103
    Warning (13013): Ports D and ENA on the latch are fed by the same signal state.AGUARDA_ENTRADA File: C:/tp-labsd-genius/genius.vhd Line: 55
Warning (13012): Latch sequencia_facil_usuario[7][1] has unsafe behavior File: C:/tp-labsd-genius/genius.vhd Line: 103
    Warning (13013): Ports D and ENA on the latch are fed by the same signal state.AGUARDA_ENTRADA File: C:/tp-labsd-genius/genius.vhd Line: 55
Warning (13012): Latch sequencia_facil_usuario[6][0] has unsafe behavior File: C:/tp-labsd-genius/genius.vhd Line: 103
    Warning (13013): Ports D and ENA on the latch are fed by the same signal state.AGUARDA_ENTRADA File: C:/tp-labsd-genius/genius.vhd Line: 55
Warning (13012): Latch sequencia_facil_usuario[6][2] has unsafe behavior File: C:/tp-labsd-genius/genius.vhd Line: 103
    Warning (13013): Ports D and ENA on the latch are fed by the same signal state.AGUARDA_ENTRADA File: C:/tp-labsd-genius/genius.vhd Line: 55
Warning (13012): Latch sequencia_facil_usuario[6][1] has unsafe behavior File: C:/tp-labsd-genius/genius.vhd Line: 103
    Warning (13013): Ports D and ENA on the latch are fed by the same signal state.AGUARDA_ENTRADA File: C:/tp-labsd-genius/genius.vhd Line: 55
Warning (13012): Latch sequencia_facil_usuario[5][1] has unsafe behavior File: C:/tp-labsd-genius/genius.vhd Line: 103
    Warning (13013): Ports D and ENA on the latch are fed by the same signal state.AGUARDA_ENTRADA File: C:/tp-labsd-genius/genius.vhd Line: 55
Warning (13012): Latch sequencia_facil_usuario[5][2] has unsafe behavior File: C:/tp-labsd-genius/genius.vhd Line: 103
    Warning (13013): Ports D and ENA on the latch are fed by the same signal state.AGUARDA_ENTRADA File: C:/tp-labsd-genius/genius.vhd Line: 55
Warning (13012): Latch sequencia_facil_usuario[5][0] has unsafe behavior File: C:/tp-labsd-genius/genius.vhd Line: 103
    Warning (13013): Ports D and ENA on the latch are fed by the same signal state.AGUARDA_ENTRADA File: C:/tp-labsd-genius/genius.vhd Line: 55
Warning (13012): Latch sequencia_facil_usuario[4][0] has unsafe behavior File: C:/tp-labsd-genius/genius.vhd Line: 103
    Warning (13013): Ports D and ENA on the latch are fed by the same signal state.AGUARDA_ENTRADA File: C:/tp-labsd-genius/genius.vhd Line: 55
Warning (13012): Latch sequencia_facil_usuario[4][1] has unsafe behavior File: C:/tp-labsd-genius/genius.vhd Line: 103
    Warning (13013): Ports D and ENA on the latch are fed by the same signal state.AGUARDA_ENTRADA File: C:/tp-labsd-genius/genius.vhd Line: 55
Warning (13012): Latch sequencia_facil_usuario[4][2] has unsafe behavior File: C:/tp-labsd-genius/genius.vhd Line: 103
    Warning (13013): Ports D and ENA on the latch are fed by the same signal state.AGUARDA_ENTRADA File: C:/tp-labsd-genius/genius.vhd Line: 55
Warning (13012): Latch \statemachine_comb:cont_c[1] has unsafe behavior
    Warning (13013): Ports D and ENA on the latch are fed by the same signal sequencia_facil_usuario[8][0] File: C:/tp-labsd-genius/genius.vhd Line: 103
Warning (13012): Latch \statemachine_comb:cont_c[2] has unsafe behavior
    Warning (13013): Ports D and ENA on the latch are fed by the same signal sequencia_facil_usuario[8][0] File: C:/tp-labsd-genius/genius.vhd Line: 103
Warning (13012): Latch \statemachine_comb:cont_c[3] has unsafe behavior
    Warning (13013): Ports D and ENA on the latch are fed by the same signal sequencia_facil_usuario[8][0] File: C:/tp-labsd-genius/genius.vhd Line: 103
Warning (13012): Latch \statemachine_comb:cont_e[0] has unsafe behavior
    Warning (13013): Ports D and ENA on the latch are fed by the same signal cont_rodada[3] File: C:/tp-labsd-genius/genius.vhd Line: 103
Warning (13012): Latch \statemachine_comb:cont_e[1] has unsafe behavior
    Warning (13013): Ports D and ENA on the latch are fed by the same signal sequencia_facil_usuario[8][0] File: C:/tp-labsd-genius/genius.vhd Line: 103
Warning (13012): Latch \statemachine_comb:cont_e[2] has unsafe behavior
    Warning (13013): Ports D and ENA on the latch are fed by the same signal sequencia_facil_usuario[8][0] File: C:/tp-labsd-genius/genius.vhd Line: 103
Warning (13012): Latch \statemachine_comb:cont_e[3] has unsafe behavior
    Warning (13013): Ports D and ENA on the latch are fed by the same signal sequencia_facil_usuario[8][0] File: C:/tp-labsd-genius/genius.vhd Line: 103
Warning (13024): Output pins are stuck at VCC or GND
    Warning (13410): Pin "botao_pressionado[3]" is stuck at GND File: C:/tp-labsd-genius/genius.vhd Line: 11
    Warning (13410): Pin "botao_pressionado[4]" is stuck at GND File: C:/tp-labsd-genius/genius.vhd Line: 11
    Warning (13410): Pin "botao_pressionado[5]" is stuck at GND File: C:/tp-labsd-genius/genius.vhd Line: 11
    Warning (13410): Pin "botao_pressionado[6]" is stuck at GND File: C:/tp-labsd-genius/genius.vhd Line: 11
    Warning (13410): Pin "botao_pressionado[7]" is stuck at GND File: C:/tp-labsd-genius/genius.vhd Line: 11
    Warning (13410): Pin "botao_pressionado[8]" is stuck at GND File: C:/tp-labsd-genius/genius.vhd Line: 11
    Warning (13410): Pin "botao_pressionado[9]" is stuck at GND File: C:/tp-labsd-genius/genius.vhd Line: 11
    Warning (13410): Pin "botao_pressionado[10]" is stuck at GND File: C:/tp-labsd-genius/genius.vhd Line: 11
    Warning (13410): Pin "botao_pressionado[11]" is stuck at GND File: C:/tp-labsd-genius/genius.vhd Line: 11
    Warning (13410): Pin "botao_pressionado[12]" is stuck at GND File: C:/tp-labsd-genius/genius.vhd Line: 11
    Warning (13410): Pin "botao_pressionado[13]" is stuck at GND File: C:/tp-labsd-genius/genius.vhd Line: 11
    Warning (13410): Pin "botao_pressionado[14]" is stuck at GND File: C:/tp-labsd-genius/genius.vhd Line: 11
    Warning (13410): Pin "botao_pressionado[15]" is stuck at GND File: C:/tp-labsd-genius/genius.vhd Line: 11
    Warning (13410): Pin "botao_pressionado[16]" is stuck at GND File: C:/tp-labsd-genius/genius.vhd Line: 11
    Warning (13410): Pin "botao_pressionado[17]" is stuck at GND File: C:/tp-labsd-genius/genius.vhd Line: 11
    Warning (13410): Pin "botao_pressionado[18]" is stuck at GND File: C:/tp-labsd-genius/genius.vhd Line: 11
    Warning (13410): Pin "botao_pressionado[19]" is stuck at GND File: C:/tp-labsd-genius/genius.vhd Line: 11
    Warning (13410): Pin "botao_pressionado[20]" is stuck at GND File: C:/tp-labsd-genius/genius.vhd Line: 11
    Warning (13410): Pin "botao_pressionado[21]" is stuck at GND File: C:/tp-labsd-genius/genius.vhd Line: 11
    Warning (13410): Pin "botao_pressionado[22]" is stuck at GND File: C:/tp-labsd-genius/genius.vhd Line: 11
    Warning (13410): Pin "botao_pressionado[23]" is stuck at GND File: C:/tp-labsd-genius/genius.vhd Line: 11
    Warning (13410): Pin "botao_pressionado[24]" is stuck at GND File: C:/tp-labsd-genius/genius.vhd Line: 11
    Warning (13410): Pin "botao_pressionado[25]" is stuck at GND File: C:/tp-labsd-genius/genius.vhd Line: 11
    Warning (13410): Pin "botao_pressionado[26]" is stuck at GND File: C:/tp-labsd-genius/genius.vhd Line: 11
    Warning (13410): Pin "botao_pressionado[27]" is stuck at GND File: C:/tp-labsd-genius/genius.vhd Line: 11
    Warning (13410): Pin "botao_pressionado[28]" is stuck at GND File: C:/tp-labsd-genius/genius.vhd Line: 11
    Warning (13410): Pin "botao_pressionado[29]" is stuck at GND File: C:/tp-labsd-genius/genius.vhd Line: 11
    Warning (13410): Pin "botao_pressionado[30]" is stuck at GND File: C:/tp-labsd-genius/genius.vhd Line: 11
    Warning (13410): Pin "botao_pressionado[31]" is stuck at GND File: C:/tp-labsd-genius/genius.vhd Line: 11
    Warning (13410): Pin "valor_contador[5]" is stuck at GND File: C:/tp-labsd-genius/genius.vhd Line: 12
    Warning (13410): Pin "valor_contador[6]" is stuck at GND File: C:/tp-labsd-genius/genius.vhd Line: 12
    Warning (13410): Pin "valor_contador[7]" is stuck at GND File: C:/tp-labsd-genius/genius.vhd Line: 12
    Warning (13410): Pin "valor_contador[8]" is stuck at GND File: C:/tp-labsd-genius/genius.vhd Line: 12
    Warning (13410): Pin "valor_contador[9]" is stuck at GND File: C:/tp-labsd-genius/genius.vhd Line: 12
    Warning (13410): Pin "valor_contador[10]" is stuck at GND File: C:/tp-labsd-genius/genius.vhd Line: 12
    Warning (13410): Pin "valor_contador[11]" is stuck at GND File: C:/tp-labsd-genius/genius.vhd Line: 12
    Warning (13410): Pin "valor_contador[12]" is stuck at GND File: C:/tp-labsd-genius/genius.vhd Line: 12
    Warning (13410): Pin "valor_contador[13]" is stuck at GND File: C:/tp-labsd-genius/genius.vhd Line: 12
    Warning (13410): Pin "valor_contador[14]" is stuck at GND File: C:/tp-labsd-genius/genius.vhd Line: 12
    Warning (13410): Pin "valor_contador[15]" is stuck at GND File: C:/tp-labsd-genius/genius.vhd Line: 12
    Warning (13410): Pin "valor_contador[16]" is stuck at GND File: C:/tp-labsd-genius/genius.vhd Line: 12
    Warning (13410): Pin "valor_contador[17]" is stuck at GND File: C:/tp-labsd-genius/genius.vhd Line: 12
    Warning (13410): Pin "valor_contador[18]" is stuck at GND File: C:/tp-labsd-genius/genius.vhd Line: 12
    Warning (13410): Pin "valor_contador[19]" is stuck at GND File: C:/tp-labsd-genius/genius.vhd Line: 12
    Warning (13410): Pin "valor_contador[20]" is stuck at GND File: C:/tp-labsd-genius/genius.vhd Line: 12
    Warning (13410): Pin "valor_contador[21]" is stuck at GND File: C:/tp-labsd-genius/genius.vhd Line: 12
    Warning (13410): Pin "valor_contador[22]" is stuck at GND File: C:/tp-labsd-genius/genius.vhd Line: 12
    Warning (13410): Pin "valor_contador[23]" is stuck at GND File: C:/tp-labsd-genius/genius.vhd Line: 12
    Warning (13410): Pin "valor_contador[24]" is stuck at GND File: C:/tp-labsd-genius/genius.vhd Line: 12
    Warning (13410): Pin "valor_contador[25]" is stuck at GND File: C:/tp-labsd-genius/genius.vhd Line: 12
    Warning (13410): Pin "valor_contador[26]" is stuck at GND File: C:/tp-labsd-genius/genius.vhd Line: 12
    Warning (13410): Pin "valor_contador[27]" is stuck at GND File: C:/tp-labsd-genius/genius.vhd Line: 12
    Warning (13410): Pin "valor_contador[28]" is stuck at GND File: C:/tp-labsd-genius/genius.vhd Line: 12
    Warning (13410): Pin "valor_contador[29]" is stuck at GND File: C:/tp-labsd-genius/genius.vhd Line: 12
    Warning (13410): Pin "valor_contador[30]" is stuck at GND File: C:/tp-labsd-genius/genius.vhd Line: 12
    Warning (13410): Pin "valor_contador[31]" is stuck at GND File: C:/tp-labsd-genius/genius.vhd Line: 12
    Warning (13410): Pin "estado_fsm[6]" is stuck at GND File: C:/tp-labsd-genius/genius.vhd Line: 13
    Warning (13410): Pin "estado_fsm[7]" is stuck at GND File: C:/tp-labsd-genius/genius.vhd Line: 13
    Warning (13410): Pin "estado_fsm[8]" is stuck at GND File: C:/tp-labsd-genius/genius.vhd Line: 13
    Warning (13410): Pin "estado_fsm[9]" is stuck at GND File: C:/tp-labsd-genius/genius.vhd Line: 13
    Warning (13410): Pin "estado_fsm[10]" is stuck at GND File: C:/tp-labsd-genius/genius.vhd Line: 13
    Warning (13410): Pin "estado_fsm[11]" is stuck at GND File: C:/tp-labsd-genius/genius.vhd Line: 13
    Warning (13410): Pin "estado_fsm[12]" is stuck at GND File: C:/tp-labsd-genius/genius.vhd Line: 13
    Warning (13410): Pin "estado_fsm[13]" is stuck at GND File: C:/tp-labsd-genius/genius.vhd Line: 13
    Warning (13410): Pin "estado_fsm[14]" is stuck at GND File: C:/tp-labsd-genius/genius.vhd Line: 13
    Warning (13410): Pin "estado_fsm[15]" is stuck at GND File: C:/tp-labsd-genius/genius.vhd Line: 13
    Warning (13410): Pin "estado_fsm[16]" is stuck at GND File: C:/tp-labsd-genius/genius.vhd Line: 13
    Warning (13410): Pin "estado_fsm[17]" is stuck at GND File: C:/tp-labsd-genius/genius.vhd Line: 13
    Warning (13410): Pin "estado_fsm[18]" is stuck at GND File: C:/tp-labsd-genius/genius.vhd Line: 13
    Warning (13410): Pin "estado_fsm[19]" is stuck at GND File: C:/tp-labsd-genius/genius.vhd Line: 13
    Warning (13410): Pin "estado_fsm[20]" is stuck at GND File: C:/tp-labsd-genius/genius.vhd Line: 13
    Warning (13410): Pin "estado_fsm[21]" is stuck at GND File: C:/tp-labsd-genius/genius.vhd Line: 13
    Warning (13410): Pin "estado_fsm[22]" is stuck at GND File: C:/tp-labsd-genius/genius.vhd Line: 13
    Warning (13410): Pin "estado_fsm[23]" is stuck at GND File: C:/tp-labsd-genius/genius.vhd Line: 13
    Warning (13410): Pin "estado_fsm[24]" is stuck at GND File: C:/tp-labsd-genius/genius.vhd Line: 13
    Warning (13410): Pin "estado_fsm[25]" is stuck at GND File: C:/tp-labsd-genius/genius.vhd Line: 13
    Warning (13410): Pin "estado_fsm[26]" is stuck at GND File: C:/tp-labsd-genius/genius.vhd Line: 13
    Warning (13410): Pin "estado_fsm[27]" is stuck at GND File: C:/tp-labsd-genius/genius.vhd Line: 13
    Warning (13410): Pin "estado_fsm[28]" is stuck at GND File: C:/tp-labsd-genius/genius.vhd Line: 13
    Warning (13410): Pin "estado_fsm[29]" is stuck at GND File: C:/tp-labsd-genius/genius.vhd Line: 13
    Warning (13410): Pin "estado_fsm[30]" is stuck at GND File: C:/tp-labsd-genius/genius.vhd Line: 13
    Warning (13410): Pin "estado_fsm[31]" is stuck at GND File: C:/tp-labsd-genius/genius.vhd Line: 13
    Warning (13410): Pin "contador_entrada[5]" is stuck at GND File: C:/tp-labsd-genius/genius.vhd Line: 15
    Warning (13410): Pin "contador_entrada[6]" is stuck at GND File: C:/tp-labsd-genius/genius.vhd Line: 15
    Warning (13410): Pin "contador_entrada[7]" is stuck at GND File: C:/tp-labsd-genius/genius.vhd Line: 15
    Warning (13410): Pin "contador_entrada[8]" is stuck at GND File: C:/tp-labsd-genius/genius.vhd Line: 15
    Warning (13410): Pin "contador_entrada[9]" is stuck at GND File: C:/tp-labsd-genius/genius.vhd Line: 15
    Warning (13410): Pin "contador_entrada[10]" is stuck at GND File: C:/tp-labsd-genius/genius.vhd Line: 15
    Warning (13410): Pin "contador_entrada[11]" is stuck at GND File: C:/tp-labsd-genius/genius.vhd Line: 15
    Warning (13410): Pin "contador_entrada[12]" is stuck at GND File: C:/tp-labsd-genius/genius.vhd Line: 15
    Warning (13410): Pin "contador_entrada[13]" is stuck at GND File: C:/tp-labsd-genius/genius.vhd Line: 15
    Warning (13410): Pin "contador_entrada[14]" is stuck at GND File: C:/tp-labsd-genius/genius.vhd Line: 15
    Warning (13410): Pin "contador_entrada[15]" is stuck at GND File: C:/tp-labsd-genius/genius.vhd Line: 15
    Warning (13410): Pin "contador_entrada[16]" is stuck at GND File: C:/tp-labsd-genius/genius.vhd Line: 15
    Warning (13410): Pin "contador_entrada[17]" is stuck at GND File: C:/tp-labsd-genius/genius.vhd Line: 15
    Warning (13410): Pin "contador_entrada[18]" is stuck at GND File: C:/tp-labsd-genius/genius.vhd Line: 15
    Warning (13410): Pin "contador_entrada[19]" is stuck at GND File: C:/tp-labsd-genius/genius.vhd Line: 15
    Warning (13410): Pin "contador_entrada[20]" is stuck at GND File: C:/tp-labsd-genius/genius.vhd Line: 15
    Warning (13410): Pin "contador_entrada[21]" is stuck at GND File: C:/tp-labsd-genius/genius.vhd Line: 15
    Warning (13410): Pin "contador_entrada[22]" is stuck at GND File: C:/tp-labsd-genius/genius.vhd Line: 15
    Warning (13410): Pin "contador_entrada[23]" is stuck at GND File: C:/tp-labsd-genius/genius.vhd Line: 15
    Warning (13410): Pin "contador_entrada[24]" is stuck at GND File: C:/tp-labsd-genius/genius.vhd Line: 15
    Warning (13410): Pin "contador_entrada[25]" is stuck at GND File: C:/tp-labsd-genius/genius.vhd Line: 15
    Warning (13410): Pin "contador_entrada[26]" is stuck at GND File: C:/tp-labsd-genius/genius.vhd Line: 15
    Warning (13410): Pin "contador_entrada[27]" is stuck at GND File: C:/tp-labsd-genius/genius.vhd Line: 15
    Warning (13410): Pin "contador_entrada[28]" is stuck at GND File: C:/tp-labsd-genius/genius.vhd Line: 15
    Warning (13410): Pin "contador_entrada[29]" is stuck at GND File: C:/tp-labsd-genius/genius.vhd Line: 15
    Warning (13410): Pin "contador_entrada[30]" is stuck at GND File: C:/tp-labsd-genius/genius.vhd Line: 15
    Warning (13410): Pin "contador_entrada[31]" is stuck at GND File: C:/tp-labsd-genius/genius.vhd Line: 15
    Warning (13410): Pin "rodada[4]" is stuck at GND File: C:/tp-labsd-genius/genius.vhd Line: 17
    Warning (13410): Pin "rodada[5]" is stuck at GND File: C:/tp-labsd-genius/genius.vhd Line: 17
    Warning (13410): Pin "rodada[6]" is stuck at GND File: C:/tp-labsd-genius/genius.vhd Line: 17
    Warning (13410): Pin "rodada[7]" is stuck at GND File: C:/tp-labsd-genius/genius.vhd Line: 17
    Warning (13410): Pin "rodada[8]" is stuck at GND File: C:/tp-labsd-genius/genius.vhd Line: 17
    Warning (13410): Pin "rodada[9]" is stuck at GND File: C:/tp-labsd-genius/genius.vhd Line: 17
    Warning (13410): Pin "rodada[10]" is stuck at GND File: C:/tp-labsd-genius/genius.vhd Line: 17
    Warning (13410): Pin "rodada[11]" is stuck at GND File: C:/tp-labsd-genius/genius.vhd Line: 17
    Warning (13410): Pin "rodada[12]" is stuck at GND File: C:/tp-labsd-genius/genius.vhd Line: 17
    Warning (13410): Pin "rodada[13]" is stuck at GND File: C:/tp-labsd-genius/genius.vhd Line: 17
    Warning (13410): Pin "rodada[14]" is stuck at GND File: C:/tp-labsd-genius/genius.vhd Line: 17
    Warning (13410): Pin "rodada[15]" is stuck at GND File: C:/tp-labsd-genius/genius.vhd Line: 17
    Warning (13410): Pin "rodada[16]" is stuck at GND File: C:/tp-labsd-genius/genius.vhd Line: 17
    Warning (13410): Pin "rodada[17]" is stuck at GND File: C:/tp-labsd-genius/genius.vhd Line: 17
    Warning (13410): Pin "rodada[18]" is stuck at GND File: C:/tp-labsd-genius/genius.vhd Line: 17
    Warning (13410): Pin "rodada[19]" is stuck at GND File: C:/tp-labsd-genius/genius.vhd Line: 17
    Warning (13410): Pin "rodada[20]" is stuck at GND File: C:/tp-labsd-genius/genius.vhd Line: 17
    Warning (13410): Pin "rodada[21]" is stuck at GND File: C:/tp-labsd-genius/genius.vhd Line: 17
    Warning (13410): Pin "rodada[22]" is stuck at GND File: C:/tp-labsd-genius/genius.vhd Line: 17
    Warning (13410): Pin "rodada[23]" is stuck at GND File: C:/tp-labsd-genius/genius.vhd Line: 17
    Warning (13410): Pin "rodada[24]" is stuck at GND File: C:/tp-labsd-genius/genius.vhd Line: 17
    Warning (13410): Pin "rodada[25]" is stuck at GND File: C:/tp-labsd-genius/genius.vhd Line: 17
    Warning (13410): Pin "rodada[26]" is stuck at GND File: C:/tp-labsd-genius/genius.vhd Line: 17
    Warning (13410): Pin "rodada[27]" is stuck at GND File: C:/tp-labsd-genius/genius.vhd Line: 17
    Warning (13410): Pin "rodada[28]" is stuck at GND File: C:/tp-labsd-genius/genius.vhd Line: 17
    Warning (13410): Pin "rodada[29]" is stuck at GND File: C:/tp-labsd-genius/genius.vhd Line: 17
    Warning (13410): Pin "rodada[30]" is stuck at GND File: C:/tp-labsd-genius/genius.vhd Line: 17
    Warning (13410): Pin "rodada[31]" is stuck at GND File: C:/tp-labsd-genius/genius.vhd Line: 17
    Warning (13410): Pin "contagem_certa[4]" is stuck at GND File: C:/tp-labsd-genius/genius.vhd Line: 19
    Warning (13410): Pin "contagem_certa[5]" is stuck at GND File: C:/tp-labsd-genius/genius.vhd Line: 19
    Warning (13410): Pin "contagem_certa[6]" is stuck at GND File: C:/tp-labsd-genius/genius.vhd Line: 19
    Warning (13410): Pin "contagem_certa[7]" is stuck at GND File: C:/tp-labsd-genius/genius.vhd Line: 19
    Warning (13410): Pin "contagem_certa[8]" is stuck at GND File: C:/tp-labsd-genius/genius.vhd Line: 19
    Warning (13410): Pin "contagem_certa[9]" is stuck at GND File: C:/tp-labsd-genius/genius.vhd Line: 19
    Warning (13410): Pin "contagem_certa[10]" is stuck at GND File: C:/tp-labsd-genius/genius.vhd Line: 19
    Warning (13410): Pin "contagem_certa[11]" is stuck at GND File: C:/tp-labsd-genius/genius.vhd Line: 19
    Warning (13410): Pin "contagem_certa[12]" is stuck at GND File: C:/tp-labsd-genius/genius.vhd Line: 19
    Warning (13410): Pin "contagem_certa[13]" is stuck at GND File: C:/tp-labsd-genius/genius.vhd Line: 19
    Warning (13410): Pin "contagem_certa[14]" is stuck at GND File: C:/tp-labsd-genius/genius.vhd Line: 19
    Warning (13410): Pin "contagem_certa[15]" is stuck at GND File: C:/tp-labsd-genius/genius.vhd Line: 19
    Warning (13410): Pin "contagem_certa[16]" is stuck at GND File: C:/tp-labsd-genius/genius.vhd Line: 19
    Warning (13410): Pin "contagem_certa[17]" is stuck at GND File: C:/tp-labsd-genius/genius.vhd Line: 19
    Warning (13410): Pin "contagem_certa[18]" is stuck at GND File: C:/tp-labsd-genius/genius.vhd Line: 19
    Warning (13410): Pin "contagem_certa[19]" is stuck at GND File: C:/tp-labsd-genius/genius.vhd Line: 19
    Warning (13410): Pin "contagem_certa[20]" is stuck at GND File: C:/tp-labsd-genius/genius.vhd Line: 19
    Warning (13410): Pin "contagem_certa[21]" is stuck at GND File: C:/tp-labsd-genius/genius.vhd Line: 19
    Warning (13410): Pin "contagem_certa[22]" is stuck at GND File: C:/tp-labsd-genius/genius.vhd Line: 19
    Warning (13410): Pin "contagem_certa[23]" is stuck at GND File: C:/tp-labsd-genius/genius.vhd Line: 19
    Warning (13410): Pin "contagem_certa[24]" is stuck at GND File: C:/tp-labsd-genius/genius.vhd Line: 19
    Warning (13410): Pin "contagem_certa[25]" is stuck at GND File: C:/tp-labsd-genius/genius.vhd Line: 19
    Warning (13410): Pin "contagem_certa[26]" is stuck at GND File: C:/tp-labsd-genius/genius.vhd Line: 19
    Warning (13410): Pin "contagem_certa[27]" is stuck at GND File: C:/tp-labsd-genius/genius.vhd Line: 19
    Warning (13410): Pin "contagem_certa[28]" is stuck at GND File: C:/tp-labsd-genius/genius.vhd Line: 19
    Warning (13410): Pin "contagem_certa[29]" is stuck at GND File: C:/tp-labsd-genius/genius.vhd Line: 19
    Warning (13410): Pin "contagem_certa[30]" is stuck at GND File: C:/tp-labsd-genius/genius.vhd Line: 19
    Warning (13410): Pin "contagem_certa[31]" is stuck at GND File: C:/tp-labsd-genius/genius.vhd Line: 19
    Warning (13410): Pin "contagem_errada[4]" is stuck at GND File: C:/tp-labsd-genius/genius.vhd Line: 20
    Warning (13410): Pin "contagem_errada[5]" is stuck at GND File: C:/tp-labsd-genius/genius.vhd Line: 20
    Warning (13410): Pin "contagem_errada[6]" is stuck at GND File: C:/tp-labsd-genius/genius.vhd Line: 20
    Warning (13410): Pin "contagem_errada[7]" is stuck at GND File: C:/tp-labsd-genius/genius.vhd Line: 20
    Warning (13410): Pin "contagem_errada[8]" is stuck at GND File: C:/tp-labsd-genius/genius.vhd Line: 20
    Warning (13410): Pin "contagem_errada[9]" is stuck at GND File: C:/tp-labsd-genius/genius.vhd Line: 20
    Warning (13410): Pin "contagem_errada[10]" is stuck at GND File: C:/tp-labsd-genius/genius.vhd Line: 20
    Warning (13410): Pin "contagem_errada[11]" is stuck at GND File: C:/tp-labsd-genius/genius.vhd Line: 20
    Warning (13410): Pin "contagem_errada[12]" is stuck at GND File: C:/tp-labsd-genius/genius.vhd Line: 20
    Warning (13410): Pin "contagem_errada[13]" is stuck at GND File: C:/tp-labsd-genius/genius.vhd Line: 20
    Warning (13410): Pin "contagem_errada[14]" is stuck at GND File: C:/tp-labsd-genius/genius.vhd Line: 20
    Warning (13410): Pin "contagem_errada[15]" is stuck at GND File: C:/tp-labsd-genius/genius.vhd Line: 20
    Warning (13410): Pin "contagem_errada[16]" is stuck at GND File: C:/tp-labsd-genius/genius.vhd Line: 20
    Warning (13410): Pin "contagem_errada[17]" is stuck at GND File: C:/tp-labsd-genius/genius.vhd Line: 20
    Warning (13410): Pin "contagem_errada[18]" is stuck at GND File: C:/tp-labsd-genius/genius.vhd Line: 20
    Warning (13410): Pin "contagem_errada[19]" is stuck at GND File: C:/tp-labsd-genius/genius.vhd Line: 20
    Warning (13410): Pin "contagem_errada[20]" is stuck at GND File: C:/tp-labsd-genius/genius.vhd Line: 20
    Warning (13410): Pin "contagem_errada[21]" is stuck at GND File: C:/tp-labsd-genius/genius.vhd Line: 20
    Warning (13410): Pin "contagem_errada[22]" is stuck at GND File: C:/tp-labsd-genius/genius.vhd Line: 20
    Warning (13410): Pin "contagem_errada[23]" is stuck at GND File: C:/tp-labsd-genius/genius.vhd Line: 20
    Warning (13410): Pin "contagem_errada[24]" is stuck at GND File: C:/tp-labsd-genius/genius.vhd Line: 20
    Warning (13410): Pin "contagem_errada[25]" is stuck at GND File: C:/tp-labsd-genius/genius.vhd Line: 20
    Warning (13410): Pin "contagem_errada[26]" is stuck at GND File: C:/tp-labsd-genius/genius.vhd Line: 20
    Warning (13410): Pin "contagem_errada[27]" is stuck at GND File: C:/tp-labsd-genius/genius.vhd Line: 20
    Warning (13410): Pin "contagem_errada[28]" is stuck at GND File: C:/tp-labsd-genius/genius.vhd Line: 20
    Warning (13410): Pin "contagem_errada[29]" is stuck at GND File: C:/tp-labsd-genius/genius.vhd Line: 20
    Warning (13410): Pin "contagem_errada[30]" is stuck at GND File: C:/tp-labsd-genius/genius.vhd Line: 20
    Warning (13410): Pin "contagem_errada[31]" is stuck at GND File: C:/tp-labsd-genius/genius.vhd Line: 20
Info (286030): Timing-Driven Synthesis is running
Info (16010): Generating hard_block partition "hard_block:auto_generated_inst"
    Info (16011): Adding 0 node(s), including 0 DDIO, 0 PLL, 0 transceiver and 0 LCELL
Warning (21074): Design contains 2 input pin(s) that do not drive logic
    Warning (15610): No output dependent on input pin "modo_facil" File: C:/tp-labsd-genius/genius.vhd Line: 36
    Warning (15610): No output dependent on input pin "modo_dificil" File: C:/tp-labsd-genius/genius.vhd Line: 37
Info (21057): Implemented 605 device resources after synthesis - the final resource count might be different
    Info (21058): Implemented 8 input pins
    Info (21059): Implemented 229 output pins
    Info (21061): Implemented 368 logic cells
Info: Quartus Prime Analysis & Synthesis was successful. 0 errors, 360 warnings
    Info: Peak virtual memory: 4797 megabytes
    Info: Processing ended: Thu Dec 08 20:55:32 2022
    Info: Elapsed time: 00:00:09
    Info: Total CPU time (on all processors): 00:00:20


